[grid@hrdmzuatoel01 grid]$ ./gridSetup.sh -silent -ignorePrereqFailure -responseFile /u02/app/19.3.0/grid/install/response/gridsetup.rsp
Launching Oracle Grid Infrastructure Setup Wizard...

[WARNING] [INS-41812] OSDBA and OSASM are the same OS group.
   CAUSE: The chosen values for OSDBA group and the chosen value for OSASM group are the same.
   ACTION: Select an OS group that is unique for ASM administrators. The OSASM group should not be the same as the OS groups that grant privileges for Oracle ASM access, or for database administration.
[WARNING] [INS-41875] Oracle ASM Administrator (OSASM) Group specified is same as the users primary group.
   CAUSE: Operating system group oinstall specified for OSASM Group is same as the users primary group.
   ACTION: It is not recommended to have OSASM group same as primary group of user as it becomes the inventory group. Select any of the group other than the primary group to avoid misconfiguration.
[WARNING] [INS-13014] Target environment does not meet some optional requirements.
   CAUSE: Some of the optional prerequisites are not met. See logs for details. gridSetupActions2020-03-02_12-00-04PM.log
   ACTION: Identify the list of failed prerequisite checks from the log: gridSetupActions2020-03-02_12-00-04PM.log. Then either from the log file or from installation manual find the appropriate configuration to meet the prerequisites and fix it manually.
The response file for this session can be found at:
 /u02/app/19.3.0/grid/install/response/grid_2020-03-02_12-00-04PM.rsp

You can find the log of this install session at:
 /tmp/GridSetupActions2020-03-02_12-00-04PM/gridSetupActions2020-03-02_12-00-04PM.log

As a root user, execute the following script(s):
        1. /u02/app/oraInventory/orainstRoot.sh
        2. /u02/app/19.3.0/grid/root.sh

Execute /u02/app/19.3.0/grid/root.sh on the following nodes:
[hrdmzuatoel01]



Successfully Setup Software with warning(s).
As install user, execute the following command to complete the configuration.
        /u02/app/19.3.0/grid/gridSetup.sh -executeConfigTools -responseFile /u02/app/19.3.0/grid/install/response/gridsetup.rsp [-silent]


Moved the install session logs to:
 /u02/app/oraInventory/logs/GridSetupActions2020-03-02_12-00-04PM
[grid@hrdmzuatoel01 grid]$





[oracle@hrdmzuatoel01 db_1]$ ./runInstaller -ignorePrereq -waitforcompletion -silent                        \
>     -responseFile ${ORACLE_HOME}/install/response/db_install.rsp               \
>     oracle.install.option=INSTALL_DB_SWONLY                                    \
    DECLINE_SECURITY_UPDATES=true>     ORACLE_HOSTNAME=${ORACLE_HOSTNAME}                                         \
>     UNIX_GROUP_NAME=oinstall                                                   \
>     INVENTORY_LOCATION=${ORA_INVENTORY}                                        \
>     SELECTED_LANGUAGES=en,en_GB                                                \
>     ORACLE_HOME=${ORACLE_HOME}                                                 \
>     ORACLE_BASE=${ORACLE_BASE}                                                 \
>     oracle.install.db.InstallEdition=EE                                        \
>     oracle.install.db.OSDBA_GROUP=dba                                          \
>     oracle.install.db.OSBACKUPDBA_GROUP=dba                                    \
>     oracle.install.db.OSDGDBA_GROUP=dba                                        \
>     oracle.install.db.OSKMDBA_GROUP=dba                                        \
>     oracle.install.db.OSRACDBA_GROUP=dba                                       \
>     SECURITY_UPDATES_VIA_MYORACLESUPPORT=false                                 \
>     DECLINE_SECURITY_UPDATES=true
Launching Oracle Database Setup Wizard...

[WARNING] [INS-13014] Target environment does not meet some optional requirements.
   CAUSE: Some of the optional prerequisites are not met. See logs for details. /u02/app/oraInventory/logs/InstallActions2020-03-02_12-57-56PM/installActions2020-03-02_12-57-56PM.log
   ACTION: Identify the list of failed prerequisite checks from the log: /u02/app/oraInventory/logs/InstallActions2020-03-02_12-57-56PM/installActions2020-03-02_12-57-56PM.log. Then either from the log file or from installation manual find the appropriate configuration to meet the prerequisites and fix it manually.
The response file for this session can be found at:
 /u02/app/oracle/product/19.3.0/db_1/install/response/db_2020-03-02_12-57-56PM.rsp

You can find the log of this install session at:
 /u02/app/oraInventory/logs/InstallActions2020-03-02_12-57-56PM/installActions2020-03-02_12-57-56PM.log

As a root user, execute the following script(s):
        1. /u02/app/oracle/product/19.3.0/db_1/root.sh

Execute /u02/app/oracle/product/19.3.0/db_1/root.sh on the following nodes:
[hrdmzuatoel01]


Successfully Setup Software with warning(s).
[oracle@hrdmzuatoel01 db_1]$



[oracle@hrdmzuatoel01 bin]$ ./dbca -silent -createDatabase -responseFile /u02/app/oracle/product/19.3.0/db_1/assistants/dbca/dbca.rsp
Prepare for db operation
10% complete
Registering database with Oracle Restart
14% complete
Copying database files




















[root@hrdmzuatoel01 ~]# cd /u02/19cR3software/GIPATCH/
[root@hrdmzuatoel01 GIPATCH]# ls
30463609  p30463609_190000_Linux-x86-64(1).zip  PatchSearch.xml
[root@hrdmzuatoel01 GIPATCH]# cd 30463609/
[root@hrdmzuatoel01 30463609]# ls -altrh
total 32K
drwxr-xr-x. 4 oracle oinstall   67 Dec  5 08:10 30484981
drwxr-x---. 7 oracle oinstall 4.0K Jan  7 08:22 30501910
-rw-rw-r--. 1 oracle oinstall 3.8K Jan 13 05:29 PatchSearch.xml
drwxrwxrwx. 4 oracle oinstall   80 Jan 13 10:35 .
-rw-rw-r--. 1 oracle oinstall  23K Jan 16 05:15 README.html
drwxr-xr-x. 3 oracle oinstall   89 Mar  2 14:45 ..
[root@hrdmzuatoel01 30463609]# cd 30484981/
[root@hrdmzuatoel01 30484981]# pwd
/u02/19cR3software/GIPATCH/30463609/30484981
[root@hrdmzuatoel01 30484981]# /u02/app/19.3.0/grid/OPatch/opatchauto apply /u02/19cR3software/GIPATCH/30463609/30484981

OPatchauto session is initiated at Mon Mar  2 14:58:31 2020

System initialization log file is /u02/app/19.3.0/grid/cfgtoollogs/opatchautodb/systemconfig2020-03-02_02-58-34PM.log.

Session log file is /u02/app/19.3.0/grid/cfgtoollogs/opatchauto/opatchauto2020-03-02_02-58-41PM.log
The id for this session is U1WT

Executing OPatch prereq operations to verify patch applicability on home /u02/app/oracle/product/19.3.0/db_1
Patch applicability verified successfully on home /u02/app/oracle/product/19.3.0/db_1


Verifying SQL patch applicability on home /u02/app/oracle/product/19.3.0/db_1
SQL patch applicability verified successfully on home /u02/app/oracle/product/19.3.0/db_1


Executing OPatch prereq operations to verify patch applicability on home /u02/app/19.3.0/grid
Patch applicability verified successfully on home /u02/app/19.3.0/grid


Preparing to bring down database service on home /u02/app/oracle/product/19.3.0/db_1
Successfully prepared home /u02/app/oracle/product/19.3.0/db_1 to bring down database service


Bringing down database service on home /u02/app/oracle/product/19.3.0/db_1
Following database has been stopped and will be restarted later during the session: ora19c
Database service successfully brought down on home /u02/app/oracle/product/19.3.0/db_1


Bringing down CRS service on home /u02/app/19.3.0/grid
Prepatch operation log file location: /u02/app/19.3.0/crsdata/hrdmzuatoel01/crsconfig/hapatch_2020-03-02_02-59-59PM.log
CRS service brought down successfully on home /u02/app/19.3.0/grid


Start applying binary patch on home /u02/app/oracle/product/19.3.0/db_1
Binary patch applied successfully on home /u02/app/oracle/product/19.3.0/db_1


Start applying binary patch on home /u02/app/19.3.0/grid
Binary patch applied successfully on home /u02/app/19.3.0/grid


Starting CRS service on home /u02/app/19.3.0/grid



Postpatch operation log file location: /u02/app/19.3.0/crsdata/hrdmzuatoel01/crsconfig/hapatch_2020-03-02_03-02-28PM.log
CRS service started successfully on home /u02/app/19.3.0/grid


Starting database service on home /u02/app/oracle/product/19.3.0/db_1
Database service successfully started on home /u02/app/oracle/product/19.3.0/db_1


Preparing home /u02/app/oracle/product/19.3.0/db_1 after database service restarted
No step execution required.........


Trying to apply SQL patch on home /u02/app/oracle/product/19.3.0/db_1
SQL patch applied successfully on home /u02/app/oracle/product/19.3.0/db_1

OPatchAuto successful.

--------------------------------Summary--------------------------------

Patching is completed successfully. Please find the summary as follows:

Host:hrdmzuatoel01
SIDB Home:/u02/app/oracle/product/19.3.0/db_1
Version:19.0.0.0.0
Summary:

==Following patches were SUCCESSFULLY applied:

Patch: /u02/19cR3software/GIPATCH/30463609/30484981
Log: /u02/app/oracle/product/19.3.0/db_1/cfgtoollogs/opatchauto/core/opatch/opatch2020-03-02_15-00-29PM_1.log


Host:hrdmzuatoel01
SIHA Home:/u02/app/19.3.0/grid
Version:19.0.0.0.0
Summary:

==Following patches were SUCCESSFULLY applied:

Patch: /u02/19cR3software/GIPATCH/30463609/30484981
Log: /u02/app/19.3.0/grid/cfgtoollogs/opatchauto/core/opatch/opatch2020-03-02_15-01-23PM_1.log



OPatchauto session completed at Mon Mar  2 15:05:45 2020
Time taken to complete the session 7 minutes, 14 seconds






[root@hrdmzuatoel01 ~]# /u02/app/19.3.0/grid/OPatch/opatchauto apply /u02/19cR3software/GIPATCH/30463609/30501910/

OPatchauto session is initiated at Mon Mar  2 15:54:05 2020

System initialization log file is /u02/app/19.3.0/grid/cfgtoollogs/opatchautodb/systemconfig2020-03-02_03-54-10PM.log.

Session log file is /u02/app/19.3.0/grid/cfgtoollogs/opatchauto/opatchauto2020-03-02_03-54-18PM.log
The id for this session is YIR4

Executing OPatch prereq operations to verify patch applicability on home /u02/app/oracle/product/19.3.0/db_1
Patch applicability verified successfully on home /u02/app/oracle/product/19.3.0/db_1


Verifying SQL patch applicability on home /u02/app/oracle/product/19.3.0/db_1
SQL patch applicability verified successfully on home /u02/app/oracle/product/19.3.0/db_1


Executing OPatch prereq operations to verify patch applicability on home /u02/app/19.3.0/grid
Patch applicability verified successfully on home /u02/app/19.3.0/grid


Preparing to bring down database service on home /u02/app/oracle/product/19.3.0/db_1
Successfully prepared home /u02/app/oracle/product/19.3.0/db_1 to bring down database service


Bringing down database service on home /u02/app/oracle/product/19.3.0/db_1
Database service successfully brought down on home /u02/app/oracle/product/19.3.0/db_1


Bringing down CRS service on home /u02/app/19.3.0/grid
Prepatch operation log file location: /u02/app/19.3.0/crsdata/hrdmzuatoel01/crsconfig/hapatch_2020-03-02_03-55-23PM.log
CRS service brought down successfully on home /u02/app/19.3.0/grid


Start applying binary patch on home /u02/app/oracle/product/19.3.0/db_1


