[root@hrvlcpydb25 ~]# lsblk | grep 4.9G
sdai                         66:32   0   4.9G  0 disk
sdaj                         66:48   0   4.9G  0 disk
sdah                         66:16   0   4.9G  0 disk
[root@hrvlcpydb25 ~]# format
bash: format: command not found...
Similar command is: 'fdisk'
[root@hrvlcpydb25 ~]# fdisk /dev/sdai
Welcome to fdisk (util-linux 2.23.2).

Changes will remain in memory only, until you decide to write them.
Be careful before using the write command.

Device does not contain a recognized partition table
Building a new DOS disklabel with disk identifier 0x6b96064b.

Command (m for help): n
Partition type:
   p   primary (0 primary, 0 extended, 4 free)
   e   extended
Select (default p):
Using default response p
Partition number (1-4, default 1):
First sector (2048-10239999, default 2048):
Using default value 2048
Last sector, +sectors or +size{K,M,G} (2048-10239999, default 10239999):
Using default value 10239999
Partition 1 of type Linux and of size 4.9 GiB is set

Command (m for help): w
The partition table has been altered!

Calling ioctl() to re-read partition table.
Syncing disks.
[root@hrvlcpydb25 ~]# fdisk /dev/sdaj
Welcome to fdisk (util-linux 2.23.2).

Changes will remain in memory only, until you decide to write them.
Be careful before using the write command.

Device does not contain a recognized partition table
Building a new DOS disklabel with disk identifier 0x4fd51d49.

Command (m for help): n
Partition type:
   p   primary (0 primary, 0 extended, 4 free)
   e   extended
Select (default p):
Using default response p
Partition number (1-4, default 1):
First sector (2048-10239999, default 2048):
Using default value 2048
Last sector, +sectors or +size{K,M,G} (2048-10239999, default 10239999):
Using default value 10239999
Partition 1 of type Linux and of size 4.9 GiB is set

Command (m for help): w
The partition table has been altered!

Calling ioctl() to re-read partition table.
Syncing disks.
[root@hrvlcpydb25 ~]# fdisk /dev/sdah
Welcome to fdisk (util-linux 2.23.2).

Changes will remain in memory only, until you decide to write them.
Be careful before using the write command.

Device does not contain a recognized partition table
Building a new DOS disklabel with disk identifier 0xb18e187f.

Command (m for help): n
Partition type:
   p   primary (0 primary, 0 extended, 4 free)
   e   extended
Select (default p):
Using default response p
Partition number (1-4, default 1):
First sector (2048-10239999, default 2048):
Using default value 2048
Last sector, +sectors or +size{K,M,G} (2048-10239999, default 10239999):
Using default value 10239999
Partition 1 of type Linux and of size 4.9 GiB is set

Command (m for help): w
The partition table has been altered!

Calling ioctl() to re-read partition table.
Syncing disks.
[root@hrvlcpydb25 ~]#
